webservice\endpointrequestresponse\productrequestresponse\DeleteProductRequest.class
webservice\dtos\product\ObjectFactory.class
webservice\dtos\product\package-info.class
webservice\endpointrequestresponse\orderrequestresponse\GetOrderRequest.class
webservice\endpointrequestresponse\orderrequestresponse\package-info.class
webservice\endpointrequestresponse\productrequestresponse\ObjectFactory.class
webservice\dtos\product\UpdatedProductDTO.class
webservice\dtos\order\OrderItemDTOForCreation.class
webservice\dtos\order\UpdatedOrderDTO.class
webservice\dtos\order\package-info.class
webservice\endpoints\OrderEndpoint.class
webservice\dtos\product\ProductPriceDTO.class
webservice\dtos\order\ObjectFactory.class
webservice\endpointrequestresponse\customerrequestresponse\package-info.class
webservice\endpointrequestresponse\productrequestresponse\GetProductRequest.class
webservice\endpointrequestresponse\customerrequestresponse\GetCustomerResponse.class
webservice\endpointrequestresponse\productrequestresponse\CreateProductRequest.class
webservice\endpointrequestresponse\orderrequestresponse\UpdateOrderRequest.class
webservice\dtos\product\ProductDTOInOrder.class
webservice\endpointrequestresponse\customerrequestresponse\CreateCustomerRequest.class
webservice\endpointrequestresponse\orderrequestresponse\GetOrderResponse.class
webservice\dtos\product\ProductDTO.class
webservice\endpointrequestresponse\customerrequestresponse\UpdateCustomerRequest.class
webservice\dtos\customer\ObjectFactory.class
webservice\dtos\customer\CustomerDTO.class
webservice\endpointrequestresponse\orderrequestresponse\CreateOrderResponse.class
webservice\endpointrequestresponse\customerrequestresponse\ObjectFactory.class
webservice\endpoints\CustomerEndpoint.class
webservice\dtos\order\OrderDTOForCreation.class
webservice\endpoints\ProductEndpoint.class
webservice\endpointrequestresponse\productrequestresponse\GetProductResponse.class
exceptionHandler\FaultExceptionResolver.class
webservice\endpointrequestresponse\productrequestresponse\package-info.class
webservice\endpointrequestresponse\orderrequestresponse\ObjectFactory.class
webservice\dtos\customer\UpdatedCustomerDTO.class
webservice\endpointrequestresponse\orderrequestresponse\DeleteOrderRequest.class
webservice\endpointrequestresponse\customerrequestresponse\DeleteCustomerRequest.class
webservice\endpointrequestresponse\productrequestresponse\UpdateProductRequest.class
webservice\dtos\customer\package-info.class
webservice\dtos\order\OrderDTOForReception.class
webservice\dtos\order\OrderItemDTOForReception.class
webservice\endpointrequestresponse\orderrequestresponse\CreateOrderRequest.class
webservice\endpointrequestresponse\customerrequestresponse\GetCustomerRequest.class
