webservice\endpointrequestresponse\productrequestresponse\DeleteProductRequest.class
webservice\dtos\product\ObjectFactory.class
webservice\endpointrequestresponse\customerrequestresponse\GetAllCustomersResponse.class
webservice\dtos\product\package-info.class
webservice\endpointrequestresponse\productrequestresponse\GetAllProductsResponse.class
webservice\endpointrequestresponse\orderrequestresponse\GetOrderRequest.class
webservice\endpointrequestresponse\orderrequestresponse\package-info.class
webservice\exceptions\NullPriceEndEffectDayException.class
webservice\exceptions\NullProductQuantityException.class
webservice\endpointrequestresponse\productrequestresponse\ObjectFactory.class
webservice\exceptionHandler\FaultExceptionResolver.class
webservice\dtos\product\UpdatedProductDTO.class
webservice\exceptions\NullOrderBillingNumberException.class
webservice\dtos\order\OrderItemDTOForCreation.class
webservice\dtos\order\UpdatedOrderDTO.class
webservice\exceptions\NullCustomerNameException.class
webservice\dtos\order\package-info.class
webservice\endpoints\OrderEndpoint.class
webservice\exceptions\NullProductNameException.class
webservice\endpointrequestresponse\orderrequestresponse\GetAllCustomersOrdersRequest.class
webservice\exceptions\NullOrderItemsException.class
webservice\validators\ProductValidator.class
webservice\endpointrequestresponse\orderrequestresponse\GetAllCustomersOrdersResponse.class
webservice\endpointrequestresponse\productrequestresponse\GetAllProductsRequest.class
webservice\dtos\product\ProductPriceDTO.class
webservice\endpointrequestresponse\productrequestresponse\DeleteProductPricesResponse.class
webservice\dtos\order\ObjectFactory.class
webservice\endpointrequestresponse\customerrequestresponse\package-info.class
webservice\endpointrequestresponse\productrequestresponse\AddProductPricesResponse.class
webservice\endpointrequestresponse\orderrequestresponse\AddOrderItemsResponse.class
webservice\endpointrequestresponse\productrequestresponse\GetProductRequest.class
webservice\exceptions\NullPriceStartEffectDayException.class
webservice\endpointrequestresponse\customerrequestresponse\GetCustomerResponse.class
webservice\validators\CustomerValidator.class
webservice\endpointrequestresponse\productrequestresponse\CreateProductRequest.class
webservice\endpointrequestresponse\orderrequestresponse\DeleteOrderItemsRequest.class
webservice\endpointrequestresponse\orderrequestresponse\AddOrderItemsRequest.class
webservice\endpointrequestresponse\orderrequestresponse\UpdateOrderRequest.class
webservice\dtos\product\ProductDTOInOrder.class
webservice\endpointrequestresponse\productrequestresponse\AddProductPricesRequest.class
webservice\endpointrequestresponse\customerrequestresponse\CreateCustomerRequest.class
webservice\endpointrequestresponse\orderrequestresponse\GetOrderResponse.class
webservice\dtos\product\ProductDTO.class
webservice\endpointrequestresponse\customerrequestresponse\UpdateCustomerRequest.class
webservice\exceptions\NullProductUnitsException.class
webservice\dtos\customer\ObjectFactory.class
webservice\dtos\customer\CustomerDTO.class
webservice\endpointrequestresponse\orderrequestresponse\CreateOrderResponse.class
webservice\endpointrequestresponse\customerrequestresponse\ObjectFactory.class
webservice\endpoints\CustomerEndpoint.class
webservice\validators\OrderValidator.class
webservice\dtos\order\OrderDTOForCreation.class
webservice\endpoints\ProductEndpoint.class
webservice\endpointrequestresponse\customerrequestresponse\GetAllCustomersRequest.class
webservice\endpointrequestresponse\productrequestresponse\DeleteProductPricesRequest.class
webservice\endpointrequestresponse\productrequestresponse\GetProductResponse.class
webservice\endpointrequestresponse\productrequestresponse\package-info.class
webservice\exceptions\NullProductPriceException.class
webservice\endpointrequestresponse\orderrequestresponse\ObjectFactory.class
webservice\dtos\customer\UpdatedCustomerDTO.class
webservice\exceptions\NullProductPricesException.class
webservice\endpointrequestresponse\orderrequestresponse\DeleteOrderRequest.class
webservice\endpointrequestresponse\customerrequestresponse\DeleteCustomerRequest.class
webservice\endpointrequestresponse\productrequestresponse\UpdateProductRequest.class
webservice\dtos\customer\package-info.class
webservice\dtos\order\OrderDTOForReception.class
webservice\dtos\order\OrderItemDTOForReception.class
webservice\endpointrequestresponse\orderrequestresponse\DeleteOrderItemsResponse.class
webservice\endpointrequestresponse\orderrequestresponse\CreateOrderRequest.class
webservice\endpointrequestresponse\customerrequestresponse\GetCustomerRequest.class
