D:\BaseCourse\WebService\source\main\java\webservice\endpointrequestresponse\productrequestresponse\AddProductPricesRequest.java
D:\BaseCourse\WebService\source\main\java\webservice\endpointrequestresponse\productrequestresponse\GetAllProductsResponse.java
D:\BaseCourse\WebService\source\main\java\webservice\endpointrequestresponse\customerrequestresponse\ObjectFactory.java
D:\BaseCourse\WebService\source\main\java\webservice\dtos\order\package-info.java
D:\BaseCourse\WebService\source\main\java\webservice\dtos\order\UpdatedOrderDTO.java
D:\BaseCourse\WebService\source\main\java\webservice\endpointrequestresponse\orderrequestresponse\DeleteOrderItemsRequest.java
D:\BaseCourse\WebService\source\main\java\webservice\endpointrequestresponse\orderrequestresponse\GetOrderResponse.java
D:\BaseCourse\WebService\source\main\java\webservice\endpointrequestresponse\productrequestresponse\AddProductPricesResponse.java
D:\BaseCourse\WebService\source\main\java\webservice\dtos\product\ProductDTO.java
D:\BaseCourse\WebService\source\main\java\webservice\endpointrequestresponse\orderrequestresponse\AddOrderItemsResponse.java
D:\BaseCourse\WebService\source\main\java\webservice\endpointrequestresponse\productrequestresponse\GetAllProductsRequest.java
D:\BaseCourse\WebService\source\main\java\webservice\dtos\product\ProductDTOInOrder.java
D:\BaseCourse\WebService\source\main\java\webservice\dtos\product\ProductPriceDTO.java
D:\BaseCourse\WebService\source\main\java\webservice\endpointrequestresponse\orderrequestresponse\DeleteOrderRequest.java
D:\BaseCourse\WebService\source\main\java\webservice\dtos\customer\package-info.java
D:\BaseCourse\WebService\source\main\java\webservice\endpointrequestresponse\productrequestresponse\GetProductResponse.java
D:\BaseCourse\WebService\source\main\java\webservice\dtos\order\OrderDTOForCreation.java
D:\BaseCourse\WebService\source\main\java\webservice\endpointrequestresponse\orderrequestresponse\UpdateOrderRequest.java
D:\BaseCourse\WebService\source\main\java\webservice\endpointrequestresponse\productrequestresponse\UpdateProductRequest.java
D:\BaseCourse\WebService\source\main\java\webservice\endpointrequestresponse\orderrequestresponse\package-info.java
D:\BaseCourse\WebService\source\main\java\webservice\dtos\order\OrderItemDTOForReception.java
D:\BaseCourse\WebService\source\main\java\webservice\dtos\customer\UpdatedCustomerDTO.java
D:\BaseCourse\WebService\source\main\java\webservice\endpointrequestresponse\customerrequestresponse\DeleteCustomerRequest.java
D:\BaseCourse\WebService\source\main\java\webservice\endpointrequestresponse\orderrequestresponse\GetAllCustomersOrdersResponse.java
D:\BaseCourse\WebService\source\main\java\webservice\endpointrequestresponse\productrequestresponse\DeleteProductPricesRequest.java
D:\BaseCourse\WebService\source\main\java\webservice\endpointrequestresponse\productrequestresponse\GetProductRequest.java
D:\BaseCourse\WebService\source\main\java\webservice\endpointrequestresponse\orderrequestresponse\GetOrderRequest.java
D:\BaseCourse\WebService\source\main\java\webservice\endpointrequestresponse\customerrequestresponse\CreateCustomerRequest.java
D:\BaseCourse\WebService\source\main\java\webservice\endpointrequestresponse\productrequestresponse\DeleteProductPricesResponse.java
D:\BaseCourse\WebService\source\main\java\webservice\endpointrequestresponse\productrequestresponse\DeleteProductRequest.java
D:\BaseCourse\WebService\source\main\java\webservice\endpointrequestresponse\productrequestresponse\ObjectFactory.java
D:\BaseCourse\WebService\source\main\java\webservice\dtos\order\ObjectFactory.java
D:\BaseCourse\WebService\source\main\java\webservice\dtos\order\OrderDTOForReception.java
D:\BaseCourse\WebService\source\main\java\webservice\endpointrequestresponse\orderrequestresponse\ObjectFactory.java
D:\BaseCourse\WebService\source\main\java\webservice\endpointrequestresponse\customerrequestresponse\UpdateCustomerRequest.java
D:\BaseCourse\WebService\source\main\java\webservice\endpointrequestresponse\customerrequestresponse\GetAllCustomersRequest.java
D:\BaseCourse\WebService\source\main\java\webservice\endpointrequestresponse\customerrequestresponse\GetAllCustomersResponse.java
D:\BaseCourse\WebService\source\main\java\webservice\endpoints\OrderEndpoint.java
D:\BaseCourse\WebService\source\main\java\webservice\exceptionHandler\FaultExceptionResolver.java
D:\BaseCourse\WebService\source\main\java\webservice\endpointrequestresponse\customerrequestresponse\GetCustomerResponse.java
D:\BaseCourse\WebService\source\main\java\webservice\endpoints\ProductEndpoint.java
D:\BaseCourse\WebService\source\main\java\webservice\dtos\product\package-info.java
D:\BaseCourse\WebService\source\main\java\webservice\endpointrequestresponse\orderrequestresponse\AddOrderItemsRequest.java
D:\BaseCourse\WebService\source\main\java\webservice\dtos\customer\ObjectFactory.java
D:\BaseCourse\WebService\source\main\java\webservice\dtos\product\UpdatedProductDTO.java
D:\BaseCourse\WebService\source\main\java\webservice\endpoints\CustomerEndpoint.java
D:\BaseCourse\WebService\source\main\java\webservice\endpointrequestresponse\customerrequestresponse\GetCustomerRequest.java
D:\BaseCourse\WebService\source\main\java\webservice\dtos\order\OrderItemDTOForCreation.java
D:\BaseCourse\WebService\source\main\java\webservice\dtos\product\ObjectFactory.java
D:\BaseCourse\WebService\source\main\java\webservice\endpointrequestresponse\orderrequestresponse\CreateOrderResponse.java
D:\BaseCourse\WebService\source\main\java\webservice\endpointrequestresponse\productrequestresponse\CreateProductRequest.java
D:\BaseCourse\WebService\source\main\java\webservice\endpointrequestresponse\orderrequestresponse\CreateOrderRequest.java
D:\BaseCourse\WebService\source\main\java\webservice\endpointrequestresponse\orderrequestresponse\GetAllCustomersOrdersRequest.java
D:\BaseCourse\WebService\source\main\java\webservice\endpointrequestresponse\orderrequestresponse\DeleteOrderItemsResponse.java
D:\BaseCourse\WebService\source\main\java\webservice\endpointrequestresponse\productrequestresponse\package-info.java
D:\BaseCourse\WebService\source\main\java\webservice\dtos\customer\CustomerDTO.java
D:\BaseCourse\WebService\source\main\java\webservice\endpointrequestresponse\customerrequestresponse\package-info.java
