domain\customer\exceptions\CustomerDoesNotExistException.class
domain\product\exceptions\DateIntersectionInProductPriceException.class
domain\customer\CustomerServiceImpl.class
domain\order\OrderItem.class
domain\product\ProductServiceImpl.class
domain\customer\CustomerRepo.class
domain\product\ProductRepo.class
domain\product\exceptions\ProductAlreadyExistException.class
domain\customer\exceptions\CustomerAlreadyExistException.class
domain\product\ProductService.class
domain\order\OrderService.class
domain\product\exceptions\NotValidStartEffectDayException.class
domain\product\ProductPrice.class
domain\GenericRepo.class
domain\order\OrderServiceImpl.class
domain\order\Order.class
domain\Entity.class
domain\product\exceptions\ProductDoesNotExistException.class
domain\product\exceptions\NotAvailableProductPriceException.class
domain\order\exceptions\OrderDoesNotExistException.class
domain\customer\Customer.class
domain\order\OrderRepo.class
domain\product\Product.class
domain\product\Product$1.class
domain\customer\CustomerService.class
domain\order\exceptions\ProductInOrderIsAlreadyOrderedException.class
