domain\Entity.class
domain\order\OrderItem.class
domain\customer\Customer.class
domain\repositories\orderRepository\OrderAlreadyExistException.class
domain\repositories\productRepository\ProductRepo.class
domain\repositories\productRepository\ProductAlreadyExistException.class
domain\product\Product.class
domain\service\OrderService.class
domain\product\Product$1.class
domain\repositories\EntityAlreadyExistException.class
domain\repositories\orderRepository\OrderDoesNotExistException.class
domain\repositories\productRepository\ProductDoesNotExistException.class
domain\repositories\customerRepository\CustomerDoesNotExistException.class
domain\repositories\customerRepository\CustomerAlreadyExistException.class
domain\product\ProductPrice.class
domain\repositories\EntityDoesNotExistException.class
domain\product\DateIntersectionInProductPriceException.class
domain\order\ProductInOrderIsNotUniqueException.class
domain\repositories\customerRepository\CustomerRepo.class
domain\order\Order.class
domain\repositories\GenericRepo.class
domain\repositories\orderRepository\OrderRepo.class
