D:\BaseCourse\Domain\source\main\java\domain\repositories\GenericRepo.java
D:\BaseCourse\Domain\source\main\java\domain\repositories\customerRepository\CustomerDoesNotExistException.java
D:\BaseCourse\Domain\source\main\java\domain\repositories\orderRepository\OrderAlreadyExistException.java
D:\BaseCourse\Domain\source\main\java\domain\repositories\productRepository\ProductDoesNotExistException.java
D:\BaseCourse\Domain\source\main\java\domain\service\OrderService.java
D:\BaseCourse\Domain\source\main\java\domain\order\ProductInOrderIsNotUniqueException.java
D:\BaseCourse\Domain\source\main\java\domain\product\DateIntersectionInProductPriceException.java
D:\BaseCourse\Domain\source\main\java\domain\repositories\customerRepository\CustomerRepo.java
D:\BaseCourse\Domain\source\main\java\domain\order\OrderItem.java
D:\BaseCourse\Domain\source\main\java\domain\repositories\EntityDoesNotExistException.java
D:\BaseCourse\Domain\source\main\java\domain\customer\Customer.java
D:\BaseCourse\Domain\source\main\java\domain\Entity.java
D:\BaseCourse\Domain\source\main\java\domain\order\Order.java
D:\BaseCourse\Domain\source\main\java\domain\product\Product.java
D:\BaseCourse\Domain\source\main\java\domain\product\ProductPrice.java
D:\BaseCourse\Domain\source\main\java\domain\repositories\EntityAlreadyExistException.java
D:\BaseCourse\Domain\source\main\java\domain\repositories\customerRepository\CustomerAlreadyExistException.java
D:\BaseCourse\Domain\source\main\java\domain\repositories\productRepository\ProductAlreadyExistException.java
D:\BaseCourse\Domain\source\main\java\domain\repositories\orderRepository\OrderRepo.java
D:\BaseCourse\Domain\source\main\java\domain\repositories\orderRepository\OrderDoesNotExistException.java
D:\BaseCourse\Domain\source\main\java\domain\repositories\productRepository\ProductRepo.java
