D:\BaseCourse\PersistenceHibernateRepositoryImpl\source\main\java\persistence\exceptions\EntityDoesNotExistException.java
D:\BaseCourse\PersistenceHibernateRepositoryImpl\source\main\java\persistence\productRepository\ProductRepoImpl.java
D:\BaseCourse\PersistenceHibernateRepositoryImpl\source\main\java\persistence\exceptions\productExceptions\ProductDoesNotExistException.java
D:\BaseCourse\PersistenceHibernateRepositoryImpl\source\main\java\persistence\orderRepository\OrderRepoImpl.java
D:\BaseCourse\PersistenceHibernateRepositoryImpl\source\main\java\persistence\customerRepository\CustomerRepoImpl.java
D:\BaseCourse\PersistenceHibernateRepositoryImpl\source\main\java\persistence\exceptions\productExceptions\ProductAlreadyExistException.java
D:\BaseCourse\PersistenceHibernateRepositoryImpl\source\main\java\persistence\exceptions\orderExceptions\OrderAlreadyExistException.java
D:\BaseCourse\PersistenceHibernateRepositoryImpl\source\main\java\persistence\GenericRepoImpl.java
D:\BaseCourse\PersistenceHibernateRepositoryImpl\source\main\java\persistence\exceptions\customerExceptions\CustomerAlreadyExistException.java
D:\BaseCourse\PersistenceHibernateRepositoryImpl\source\main\java\persistence\exceptions\EntityAlreadyExistException.java
D:\BaseCourse\PersistenceHibernateRepositoryImpl\source\main\java\persistence\exceptions\orderExceptions\OrderDoesNotExistException.java
D:\BaseCourse\PersistenceHibernateRepositoryImpl\source\main\java\persistence\exceptions\customerExceptions\CustomerDoesNotExistException.java
